Vercel CLI 48.10.2
WARN! Build not running on Vercel. System environment variables will not be available.
Warning: Due to "engines": { "node": "22.x" } in your `package.json` file, the Node.js Version defined in your Project Settings ("24.x") will not apply, Node.js Version "22.x" will be used instead. Learn More: http://vercel.link/node-version
Installing dependencies...
npm warn Unknown cli config "--unsafe-perm". This will stop working in the next major version of npm.
npm warn EBADENGINE Unsupported engine {
npm warn EBADENGINE   package: 'web@0.1.0',
npm warn EBADENGINE   required: { node: '22.x' },
npm warn EBADENGINE   current: { node: 'v24.11.1', npm: '11.6.2' }
npm warn EBADENGINE }

up to date in 1s

179 packages are looking for funding
  run `npm fund` for details
Detected Next.js version: 16.0.10
Running "npm run build"

> web@0.1.0 build
> next build

   ▲ Next.js 16.0.10 (Turbopack)
   - Environments: .env.local

   Creating an optimized production build ...

> Build error occurred
Error: Turbopack build failed with 1 errors:
./src/app/globals.css
Error evaluating Node.js code
Error: Cannot find module '../lightningcss.linux-x64-gnu.node'
Require stack:
- /mnt/d/Vibe- Coding projects/AI-blog/node_modules/lightningcss/node/index.js
- /mnt/d/Vibe- Coding projects/AI-blog/node_modules/@tailwindcss/node/dist/index.js
- /mnt/d/Vibe- Coding projects/AI-blog/node_modules/@tailwindcss/postcss/dist/index.js
- /mnt/d/Vibe- Coding projects/AI-blog/.next/build/chunks/[root-of-the-server]__51225daf._.js
- /mnt/d/Vibe- Coding projects/AI-blog/.next/build/chunks/[turbopack]_runtime.js
- /mnt/d/Vibe- Coding projects/AI-blog/.next/build/postcss.js
    [at Module._resolveFilename (node:internal/modules/cjs/loader:1421:15)]
    [at defaultResolveImpl (node:internal/modules/cjs/loader:1059:19)]
    [at resolveForCJSWithHooks (node:internal/modules/cjs/loader:1064:22)]
    [at Module._load (node:internal/modules/cjs/loader:1227:37)]
    [at TracingChannel.traceSync (node:diagnostics_channel:328:14)]
    [at wrapModuleLoad (node:internal/modules/cjs/loader:245:24)]
    [at Module.require (node:internal/modules/cjs/loader:1504:12)]
    [at require (node:internal/modules/helpers:152:16)]
    [at Object.<anonymous> (/mnt/d/Vibe- Coding projects/AI-blog/node_modules/lightningcss/node/index.js:22:22)]
    [at Module._compile (node:internal/modules/cjs/loader:1761:14)]

Import trace:
  Client Component Browser:
    ./src/app/globals.css [Client Component Browser]
    ./src/app/layout.tsx [Server Component]


    at ignore-listed frames
Error: Command "npm run build" exited with 1
